src/features/auth/AuthService.ts(22,13): error TS2554: Expected 0 arguments, but got 1.
src/features/auth/AuthService.ts(24,45): error TS18046: 'response' is of type 'unknown'.
src/features/auth/AuthService.ts(26,5): error TS2322: Type 'unknown' is not assignable to type '{ token: string; user: { userId: string; name: string; email: string; role: "admin" | "customer"; balance: number; }; }'.
src/features/auth/AuthService.ts(42,13): error TS2554: Expected 0 arguments, but got 1.
src/features/auth/AuthService.ts(44,5): error TS2322: Type 'unknown' is not assignable to type '{ userId: string; name: string; email: string; role: "admin" | "customer"; balance: number; vehicles: { vehicleId: string; userId: string; plate: string; brand: string; model: string; createdAt: string; updatedAt: string; }[]; }'.
src/features/tags/TagService.ts(18,44): error TS2554: Expected 0 arguments, but got 1.
src/features/tags/TagService.ts(22,69): error TS2554: Expected 0 arguments, but got 1.
src/features/tags/TagService.ts(26,66): error TS2554: Expected 0 arguments, but got 1.
src/features/transactions/TransactionService.ts(20,13): error TS2554: Expected 0 arguments, but got 1.
src/features/transactions/TransactionService.ts(22,5): error TS2322: Type 'unknown' is not assignable to type '{ transactionId: string; transactionType: "deposit" | "withdrawal"; description: string; amount: number; createdAt: string; userId?: string | undefined; }'.
src/features/users/UserService.ts(18,58): error TS2554: Expected 0 arguments, but got 1.
src/features/users/UserService.ts(20,5): error TS2322: Type 'unknown' is not assignable to type '{ userId: string; name: string; email: string; role: "admin" | "customer"; balance: number; }[]'.
src/features/users/UserService.ts(24,67): error TS2554: Expected 0 arguments, but got 1.
src/features/users/UserService.ts(26,5): error TS2322: Type 'unknown' is not assignable to type '{ userId: string; name: string; email: string; role: "admin" | "customer"; balance: number; }'.
src/features/users/UserService.ts(32,13): error TS2554: Expected 0 arguments, but got 1.
src/features/users/UserService.ts(34,5): error TS2322: Type 'unknown' is not assignable to type '{ userId: string; name: string; email: string; role: "admin" | "customer"; balance: number; }'.
src/features/vehicles/VehicleService.ts(45,13): error TS2554: Expected 0 arguments, but got 1.
src/features/vehicles/VehicleService.ts(46,5): error TS2322: Type 'unknown' is not assignable to type '{ vehicleId: string; userId: string; plate: string; brand: string; model: string; createdAt: string; updatedAt: string; }[] | { vehicleId: string; userId: string; plate: string; brand: string; model: string; createdAt: string; updatedAt: string; owner: { ...; }; }[]'.
src/features/vehicles/VehicleService.ts(52,13): error TS2554: Expected 0 arguments, but got 1.
src/features/vehicles/VehicleService.ts(54,5): error TS2322: Type 'unknown' is not assignable to type '{ vehicleId: string; userId: string; plate: string; brand: string; model: string; createdAt: string; updatedAt: string; }'.
src/features/vehicles/VehicleService.ts(67,13): error TS2554: Expected 0 arguments, but got 1.
src/features/vehicles/VehicleService.ts(69,5): error TS2322: Type 'unknown' is not assignable to type '{ vehicleId: string; userId: string; plate: string; brand: string; model: string; createdAt: string; updatedAt: string; }'.
src/lib/api.ts(7,3): error TS2353: Object literal may only specify known properties, and 'baseUrl' does not exist in type 'Options | ((parentOptions: Options) => Options)'.
src/lib/api.ts(11,10): error TS2339: Property 'request' does not exist on type '{ json: <J = unknown>() => Promise<J>; } & Request'.
